// Jest Snapshot v1, https://goo.gl/fbAQLP

exports[`Overview it maches 1`] = `
<div
  className="b-overview"
>
  <div
    className="b-overview__wrapper"
  />
  <div
    className="c-form"
  >
    <div
      className="c-form__title"
    >
      <span>
        QUESTION? 
      </span>
      <span>
        WE ARE HERE TO HELP!
      </span>
    </div>
    <div
      className="c-form__wrapper"
    >
      <form
        className="c-form__form"
      >
        <label
          className="c-form__label"
        >
          <span>
            NAME
          </span>
          <input
            className="c-form__input"
            type="text"
          />
        </label>
        <label
          className="c-form__label"
        >
          <span>
            EMAIL
          </span>
          <input
            className="c-form__input"
            onChange={[Function]}
            pattern="^[a-zA-Z0-9.!#$%&'*+/=?^_\`{|}~-]+@[a-zA-Z0-9-]+(?:\\\\.[a-zA-Z0-9-]+)*$"
            type="email"
          />
          <span
            className="c-form__required"
          >
            this field is required
          </span>
        </label>
        <label
          className="c-form__label"
        >
          <span>
            MESSAGE
          </span>
          <input
            className="c-form__input"
            type="text"
          />
        </label>
      </form>
      <button
        className="c-form__button is-disabled"
        onClick={[Function]}
      >
        SEND
      </button>
    </div>
  </div>
</div>
`;
